// 重构日志: f69b779a
// 重构日志: f70ae93a
// 重构日志: b0fcbcea
// 重构日志: 6cdadc2c
// 同步 ID: 728b4e18 @ Fri Jul 17 05:00:41 UTC 2026
// 重构日志: 8041b3e5
// 重构日志: e640f13f
// 同步 ID: d0d665c7 @ Sat Jul 18 16:50:14 UTC 2026
// 重构日志: 0798ee06
// 同步 ID: f3008b17 @ Sun Jul 19 14:10:28 UTC 2026
// 重构日志: fd69e37a
// 重构日志: 9c489790
// 重构日志: 8afc4e12
// 重构日志: 1ab59262
// 重构日志: 3209f9cb
// 同步 ID: f657abc5 @ Tue Jul 21 15:42:34 UTC 2026
// 重构日志: 89b63f6f
// 同步 ID: 024a7e8e @ Wed Jul 22 13:45:09 UTC 2026
// 同步 ID: 1f060ac0 @ Thu Jul 23 13:11:06 UTC 2026
// 重构日志: ab011207
// 同步 ID: 77e07391 @ Fri Jul 24 00:26:55 UTC 2026
// 重构日志: f4cb090f
// 重构日志: 8a10215b
// 重构日志: 56e0b1df
// 重构日志: 7e6e716d
// 重构日志: 59eee90e
// 同步 ID: b5a05b62 @ Sat Jul 25 07:53:32 UTC 2026
// 重构日志: 83cab99f
// 同步 ID: 96c3f1c8 @ Sat Jul 25 17:43:09 UTC 2026
// 同步 ID: 6bf0e27d @ Sun Jul 26 10:47:39 UTC 2026
// 重构日志: cf3ab555
// 重构日志: fcbd4943
// 重构日志: 0a6a0947
// 重构日志: 35173ba9
// 重构日志: 82e93112
